.\mvnw : WARNING: A 
restricted method in 
java.lang.System has 
been called
At line:1 char:1
+ .\mvnw clean compile 
> build_output.txt 
2>&1; Get-Content 
build_outpu ...
+ ~~~~~~~~~~~~~~~~~~~~~
~~~~~~~~~~~~~~~~~~~~~~~
    + CategoryInfo     
         : NotSpecifi  
  ed: (WARNING: A re   
 st...has been call    
ed:String) [], Rem    
oteException
    + FullyQualifiedEr 
   rorId : NativeComm  
  andError
 
WARNING: 
java.lang.System::load 
has been called by org.
fusesource.jansi.intern
al.JansiLoader in an 
unnamed module (file:/C
:/Users/rajai/.m2/wrapp
er/dists/apache-maven-3
.9.6/0f95e7798d182e3371
f3fee6d8202d3a56e6d71df
d3a2402139882ef2fbe7476
/lib/jansi-2.4.0.jar)
WARNING: Use --enable-n
ative-access=ALL-UNNAME
D to avoid a warning 
for callers in this 
module
WARNING: Restricted 
methods will be 
blocked in a future 
release unless native 
access is enabled

WARNING: A terminally 
deprecated method in 
sun.misc.Unsafe has 
been called
WARNING: sun.misc.Unsaf
e::objectFieldOffset 
has been called by com.
google.common.util.conc
urrent.AbstractFuture$U
nsafeAtomicHelper (file
:/C:/Users/rajai/.m2/wr
apper/dists/apache-mave
n-3.9.6/0f95e7798d182e3
371f3fee6d8202d3a56e6d7
1dfd3a2402139882ef2fbe7
476/lib/guava-32.0.1-jr
e.jar)
WARNING: Please 
consider reporting 
this to the 
maintainers of class co
m.google.common.util.co
ncurrent.AbstractFuture
$UnsafeAtomicHelper
WARNING: sun.misc.Unsaf
e::objectFieldOffset 
will be removed in a 
future release
[INFO] Scanning for projects...
[INFO] 
[INFO] ------------------< com.aquasmart:aquasmart-backend >-------------------
[INFO] Building aquasmart-backend 0.0.1-SNAPSHOT
[INFO]   from pom.xml
[INFO] --------------------------------[ jar ]---------------------------------
[INFO] 
[INFO] --- clean:3.3.2:clean (default-clean) @ aquasmart-backend ---
[INFO] Deleting C:\Users\rajai\OneDrive\Documents\Company\Hack 26\backend-java\target
[INFO] 
[INFO] --- resources:3.3.1:resources (default-resources) @ aquasmart-backend ---
[INFO] Copying 1 resource from src\main\resources to target\classes
[INFO] Copying 0 resource from src\main\resources to target\classes
[INFO] 
[INFO] --- compiler:3.11.0:compile (default-compile) @ aquasmart-backend ---
[INFO] Changes detected - recompiling the module! :source
[INFO] Compiling 6 source files with javac [debug release 17] to target\classes
[INFO] ------------------------------------------------------------------------
[INFO] BUILD SUCCESS
[INFO] ------------------------------------------------------------------------
[INFO] Total time:  4.441 s
[INFO] Finished at: 2026-03-06T19:26:33-05:00
[INFO] ------------------------------------------------------------------------
