./mvnw : WARNING: A 
restricted method in 
java.lang.System has 
been called
At line:1 char:1
+ ./mvnw -q clean 
compile > errors.txt 
2>&1 ; Get-Content 
errors.txt
+ ~~~~~~~~~~~~~~~~~~~
~~~~~~~~~~~~~~~~~~~~~
~
    + CategoryInfo   
           : NotSpe  
  cified: (WARNING   
 : A rest...has b    
een called:Strin    
g) [], RemoteExc    
eption
    + FullyQualified 
   ErrorId : Native  
  CommandError
 
WARNING: java.lang.Sy
stem::load has been 
called by org.fusesou
rce.jansi.internal.Ja
nsiLoader in an 
unnamed module (file:
/C:/Users/rajai/.m2/w
rapper/dists/apache-m
aven-3.9.6/0f95e7798d
182e3371f3fee6d8202d3
a56e6d71dfd3a24021398
82ef2fbe7476/lib/jans
i-2.4.0.jar)
WARNING: Use --enable
-native-access=ALL-UN
NAMED to avoid a 
warning for callers 
in this module
WARNING: Restricted 
methods will be 
blocked in a future 
release unless 
native access is 
enabled

WARNING: A 
terminally 
deprecated method in 
sun.misc.Unsafe has 
been called
WARNING: sun.misc.Uns
afe::objectFieldOffse
t has been called by 
com.google.common.uti
l.concurrent.Abstract
Future$UnsafeAtomicHe
lper (file:/C:/Users/
rajai/.m2/wrapper/dis
ts/apache-maven-3.9.6
/0f95e7798d182e3371f3
fee6d8202d3a56e6d71df
d3a2402139882ef2fbe74
76/lib/guava-32.0.1-j
re.jar)
WARNING: Please 
consider reporting 
this to the 
maintainers of class 
com.google.common.uti
l.concurrent.Abstract
Future$UnsafeAtomicHe
lper
WARNING: sun.misc.Uns
afe::objectFieldOffse
t will be removed in 
a future release
[ERROR] Failed to execute goal org.apache.maven.plugins:maven-clean-plugin:3.3.2:clean (default-clean) on project aquasmart-backend: Failed to clean project: Failed to delete C:\Users\rajai\OneDrive\Documents\Company\Hack 26\backend-java\target\aquasmart-backend-0.0.1-SNAPSHOT.jar -> [Help 1]
[ERROR] 
[ERROR] To see the full stack trace of the errors, re-run Maven with the -e switch.
[ERROR] Re-run Maven using the -X switch to enable full debug logging.
[ERROR] 
[ERROR] For more information about the errors and possible solutions, please read the following articles:
[ERROR] [Help 1] http://cwiki.apache.org/confluence/display/MAVEN/MojoExecutionException
